<dataset>
    <language lang_id="99" language="lang1"/>
</dataset>